// Jest Snapshot v1, https://goo.gl/fbAQLP

exports[`Home should render without error 1`] = `
ShallowWrapper {
  Symbol(enzyme.__root__): [Circular],
  Symbol(enzyme.__unrendered__): <Home />,
  Symbol(enzyme.__renderer__): Object {
    "batchedUpdates": [Function],
    "getNode": [Function],
    "render": [Function],
    "simulateError": [Function],
    "simulateEvent": [Function],
    "unmount": [Function],
  },
  Symbol(enzyme.__node__): Object {
    "instance": null,
    "key": undefined,
    "nodeType": "function",
    "props": Object {
      "children": Array [
        <withHelpersModifiers(HeroBody)>
          <withHelpersModifiers(Container)
            hasTextAlign="centered"
          >
            <withHelpersModifiers(Title)>
              The Airline
            </withHelpersModifiers(Title)>
          </withHelpersModifiers(Container)>
        </withHelpersModifiers(HeroBody)>,
        <withHelpersModifiers(HeroFooter)
          style={
            Object {
              "marginBottom": "10vh",
            }
          }
        >
          <withHelpersModifiers(Container)
            hasTextAlign="centered"
          >
            <withHelpersModifiers(Button)
              href="/start"
              isColor="info"
              isSize="large"
            >
              New Game
            </withHelpersModifiers(Button)>
          </withHelpersModifiers(Container)>
        </withHelpersModifiers(HeroFooter)>,
      ],
      "className": "is-fullheight-with-navbar",
    },
    "ref": null,
    "rendered": Array [
      Object {
        "instance": null,
        "key": undefined,
        "nodeType": "function",
        "props": Object {
          "children": <withHelpersModifiers(Container)
            hasTextAlign="centered"
          >
            <withHelpersModifiers(Title)>
              The Airline
            </withHelpersModifiers(Title)>
          </withHelpersModifiers(Container)>,
        },
        "ref": null,
        "rendered": Object {
          "instance": null,
          "key": undefined,
          "nodeType": "function",
          "props": Object {
            "children": <withHelpersModifiers(Title)>
              The Airline
            </withHelpersModifiers(Title)>,
            "hasTextAlign": "centered",
          },
          "ref": null,
          "rendered": Object {
            "instance": null,
            "key": undefined,
            "nodeType": "function",
            "props": Object {
              "children": "The Airline",
            },
            "ref": null,
            "rendered": "The Airline",
            "type": [Function],
          },
          "type": [Function],
        },
        "type": [Function],
      },
      Object {
        "instance": null,
        "key": undefined,
        "nodeType": "function",
        "props": Object {
          "children": <withHelpersModifiers(Container)
            hasTextAlign="centered"
          >
            <withHelpersModifiers(Button)
              href="/start"
              isColor="info"
              isSize="large"
            >
              New Game
            </withHelpersModifiers(Button)>
          </withHelpersModifiers(Container)>,
          "style": Object {
            "marginBottom": "10vh",
          },
        },
        "ref": null,
        "rendered": Object {
          "instance": null,
          "key": undefined,
          "nodeType": "function",
          "props": Object {
            "children": <withHelpersModifiers(Button)
              href="/start"
              isColor="info"
              isSize="large"
            >
              New Game
            </withHelpersModifiers(Button)>,
            "hasTextAlign": "centered",
          },
          "ref": null,
          "rendered": Object {
            "instance": null,
            "key": undefined,
            "nodeType": "function",
            "props": Object {
              "children": "New Game",
              "href": "/start",
              "isColor": "info",
              "isSize": "large",
            },
            "ref": null,
            "rendered": "New Game",
            "type": [Function],
          },
          "type": [Function],
        },
        "type": [Function],
      },
    ],
    "type": [Function],
  },
  Symbol(enzyme.__nodes__): Array [
    Object {
      "instance": null,
      "key": undefined,
      "nodeType": "function",
      "props": Object {
        "children": Array [
          <withHelpersModifiers(HeroBody)>
            <withHelpersModifiers(Container)
              hasTextAlign="centered"
            >
              <withHelpersModifiers(Title)>
                The Airline
              </withHelpersModifiers(Title)>
            </withHelpersModifiers(Container)>
          </withHelpersModifiers(HeroBody)>,
          <withHelpersModifiers(HeroFooter)
            style={
              Object {
                "marginBottom": "10vh",
              }
            }
          >
            <withHelpersModifiers(Container)
              hasTextAlign="centered"
            >
              <withHelpersModifiers(Button)
                href="/start"
                isColor="info"
                isSize="large"
              >
                New Game
              </withHelpersModifiers(Button)>
            </withHelpersModifiers(Container)>
          </withHelpersModifiers(HeroFooter)>,
        ],
        "className": "is-fullheight-with-navbar",
      },
      "ref": null,
      "rendered": Array [
        Object {
          "instance": null,
          "key": undefined,
          "nodeType": "function",
          "props": Object {
            "children": <withHelpersModifiers(Container)
              hasTextAlign="centered"
            >
              <withHelpersModifiers(Title)>
                The Airline
              </withHelpersModifiers(Title)>
            </withHelpersModifiers(Container)>,
          },
          "ref": null,
          "rendered": Object {
            "instance": null,
            "key": undefined,
            "nodeType": "function",
            "props": Object {
              "children": <withHelpersModifiers(Title)>
                The Airline
              </withHelpersModifiers(Title)>,
              "hasTextAlign": "centered",
            },
            "ref": null,
            "rendered": Object {
              "instance": null,
              "key": undefined,
              "nodeType": "function",
              "props": Object {
                "children": "The Airline",
              },
              "ref": null,
              "rendered": "The Airline",
              "type": [Function],
            },
            "type": [Function],
          },
          "type": [Function],
        },
        Object {
          "instance": null,
          "key": undefined,
          "nodeType": "function",
          "props": Object {
            "children": <withHelpersModifiers(Container)
              hasTextAlign="centered"
            >
              <withHelpersModifiers(Button)
                href="/start"
                isColor="info"
                isSize="large"
              >
                New Game
              </withHelpersModifiers(Button)>
            </withHelpersModifiers(Container)>,
            "style": Object {
              "marginBottom": "10vh",
            },
          },
          "ref": null,
          "rendered": Object {
            "instance": null,
            "key": undefined,
            "nodeType": "function",
            "props": Object {
              "children": <withHelpersModifiers(Button)
                href="/start"
                isColor="info"
                isSize="large"
              >
                New Game
              </withHelpersModifiers(Button)>,
              "hasTextAlign": "centered",
            },
            "ref": null,
            "rendered": Object {
              "instance": null,
              "key": undefined,
              "nodeType": "function",
              "props": Object {
                "children": "New Game",
                "href": "/start",
                "isColor": "info",
                "isSize": "large",
              },
              "ref": null,
              "rendered": "New Game",
              "type": [Function],
            },
            "type": [Function],
          },
          "type": [Function],
        },
      ],
      "type": [Function],
    },
  ],
  Symbol(enzyme.__options__): Object {
    "adapter": ReactSixteenAdapter {
      "options": Object {
        "enableComponentDidUpdateOnSetState": true,
        "lifecycles": Object {
          "componentDidUpdate": Object {
            "onSetState": true,
          },
          "getDerivedStateFromProps": true,
          "getSnapshotBeforeUpdate": true,
          "setState": Object {
            "skipsComponentDidUpdateOnNullish": true,
          },
        },
      },
    },
  },
}
`;
